BRAK
BRAK
BRAK
BRAK
-445771743394080
527697064541988
BRAK
-659077825340295
BRAK
-27250592407356
-27250592407356
