BRAK
BRAK
BRAK
BRAK
BRAK
BRAK
BRAK
BRAK
BRAK
-466093766780376
BRAK
BRAK
BRAK
