BRAK
BRAK
-40947619321300
-40947619321300
-40947619321300
BRAK
BRAK
BRAK
-40947619321300
BRAK
-40947619321300
