BRAK
BRAK
BRAK
252857239694686
BRAK
BRAK
BRAK
BRAK
BRAK
BRAK
245051591257686
252857239694686
