BRAK
BRAK
BRAK
BRAK
BRAK
BRAK
BRAK
BRAK
BRAK
-331841911521263
BRAK
961047771548272
