BRAK
BRAK
BRAK
BRAK
BRAK
BRAK
BRAK
BRAK
-238905408643901
BRAK
BRAK
BRAK
