BRAK
BRAK
BRAK
227059898087226
BRAK
BRAK
BRAK
BRAK
BRAK
BRAK
BRAK
634039242098656
