BRAK
593709152914198
BRAK
BRAK
BRAK
-360679193403509
BRAK
BRAK
BRAK
BRAK
BRAK
