-524193785269185
BRAK
BRAK
-524193785269185
325983253420381
BRAK
325983253420381
-524193785269185
