BRAK
BRAK
-864970777718394
BRAK
-864970777718394
-864970777718394
BRAK
-358182585472945
-864970777718394
BRAK
BRAK
-358182585472945
