BRAK
BRAK
BRAK
BRAK
-578730458554889
BRAK
-578730458554889
-578730458554889
BRAK
958362264800779
958362264800779
