BRAK
BRAK
BRAK
BRAK
BRAK
BRAK
-809083480414651
BRAK
-445033331419897
-809083480414651
BRAK
BRAK
BRAK
