BRAK
BRAK
BRAK
BRAK
BRAK
BRAK
BRAK
BRAK
514545084298473
BRAK
237287153294326
BRAK
BRAK
