BRAK
BRAK
300608915872260
BRAK
300608915872260
BRAK
BRAK
BRAK
-732412423306126
-391608528478005
