BRAK
BRAK
BRAK
BRAK
BRAK
BRAK
477366574985669
BRAK
BRAK
BRAK
-851721966120159
-851721966120159
