BRAK
BRAK
BRAK
BRAK
BRAK
392425421229044
392425421229044
BRAK
-407811855991129
392425421229044
