BRAK
BRAK
-89794117976751
BRAK
BRAK
-740288893406461
-89794117976751
BRAK
BRAK
BRAK
