BRAK
BRAK
BRAK
BRAK
BRAK
BRAK
2492029008206
2492029008206
2492029008206
-756330303689607
BRAK
