BRAK
BRAK
BRAK
BRAK
BRAK
BRAK
258849773594104
BRAK
BRAK
BRAK
