BRAK
BRAK
-86869427123132
BRAK
-980215597555288
BRAK
BRAK
BRAK
-75674170171869
