BRAK
BRAK
BRAK
BRAK
BRAK
821869046309782
BRAK
BRAK
821869046309782
BRAK
BRAK
BRAK
821869046309782
BRAK
