BRAK
BRAK
BRAK
BRAK
BRAK
BRAK
326082775325496
326082775325496
BRAK
326082775325496
326082775325496
BRAK
BRAK
