BRAK
BRAK
-72548705522322
BRAK
-72548705522322
BRAK
BRAK
-72548705522322
-72548705522322
BRAK
BRAK
BRAK
