BRAK
BRAK
-466009811837805
BRAK
155549625065894
155549625065894
BRAK
155549625065894
155549625065894
155549625065894
