BRAK
BRAK
BRAK
BRAK
-804485745060521
BRAK
-804485745060521
BRAK
BRAK
214884750154268
