BRAK
BRAK
BRAK
BRAK
BRAK
BRAK
-891295981161226
BRAK
-891295981161226
BRAK
-891295981161226
BRAK
283504436054067
