BRAK
35119289235935
BRAK
-768918454896063
BRAK
781119860957363
35119289235935
-768918454896063
BRAK
781119860957363
BRAK
