BRAK
BRAK
BRAK
BRAK
-905411563253221
-905411563253221
-905411563253221
BRAK
BRAK
BRAK
BRAK
