BRAK
BRAK
116701789891397
BRAK
BRAK
116701789891397
BRAK
12942722054939
BRAK
