BRAK
BRAK
BRAK
BRAK
BRAK
BRAK
BRAK
BRAK
BRAK
775740920371062
-75207352339134
-75207352339134
