BRAK
BRAK
BRAK
241681736783389
241681736783389
241681736783389
241681736783389
BRAK
BRAK
BRAK
BRAK
BRAK
