BRAK
-919935298839131
BRAK
-919935298839131
BRAK
-919935298839131
-919935298839131
-919935298839131
346707854280817
-919935298839131
-919935298839131
-919935298839131
