BRAK
BRAK
BRAK
BRAK
BRAK
BRAK
BRAK
-15691043009771
-15691043009771
BRAK
-845936159187619
