BRAK
BRAK
BRAK
-647856724475377
BRAK
BRAK
BRAK
BRAK
BRAK
BRAK
-774354424669290
