BRAK
BRAK
BRAK
BRAK
BRAK
BRAK
BRAK
922843302828476
BRAK
BRAK
922843302828476
BRAK
