BRAK
-782585702400562
-782585702400562
BRAK
BRAK
366907778373086
BRAK
BRAK
366907778373086
366907778373086
