70
BRAK
70
70
BRAK
BRAK
BRAK
70
-49
BRAK
70
34
BRAK
-49
BRAK
9
9
-49
9
-49
9
BRAK
BRAK
68
BRAK
BRAK
-49
34
74
BRAK
-49
-92
BRAK
63
74
BRAK
34
-92
-92
BRAK
63
-49
BRAK
BRAK
-49
9
BRAK
BRAK
BRAK
-49
9
9
47
BRAK
-49
9
34
-92
BRAK
-92
9
BRAK
BRAK
BRAK
34
9
34
9
BRAK
-49
-20
-92
BRAK
74
BRAK
BRAK
BRAK
BRAK
