BRAK
BRAK
-44
-44
88
-44
88
-72
-44
-72
-44
BRAK
BRAK
-44
-44
BRAK
-44
-44
-13
BRAK
88
BRAK
BRAK
88
-89
BRAK
BRAK
BRAK
BRAK
BRAK
52
52
52
-47
52
BRAK
-30
52
-13
52
BRAK
61
-13
52
BRAK
BRAK
BRAK
88
-70
BRAK
-89
-13
BRAK
BRAK
-30
58
-13
-47
BRAK
BRAK
BRAK
-13
-34
-89
-70
-34
-70
BRAK
BRAK
52
63
88
-34
-34
74
