BRAK
BRAK
12
BRAK
-15
12
-15
12
BRAK
BRAK
-15
BRAK
BRAK
BRAK
72
BRAK
BRAK
12
BRAK
12
BRAK
65
72
-15
BRAK
BRAK
40
12
-39
-92
BRAK
40
-92
BRAK
BRAK
40
40
-30
40
65
BRAK
65
72
BRAK
-30
BRAK
BRAK
40
17
BRAK
-75
-75
BRAK
40
-75
-23
-75
-92
-75
-8
40
12
72
BRAK
BRAK
-92
BRAK
-75
-3
-92
40
51
-45
-34
BRAK
-45
-92
BRAK
