BRAK
-58
-58
-58
BRAK
-58
-58
BRAK
-58
BRAK
-58
BRAK
16
BRAK
BRAK
16
-58
24
16
BRAK
24
BRAK
16
24
24
16
91
16
BRAK
BRAK
BRAK
16
-33
BRAK
16
BRAK
34
BRAK
-68
BRAK
-28
-58
BRAK
-8
BRAK
-68
BRAK
-8
34
-33
-8
-58
34
16
BRAK
BRAK
61
BRAK
-68
61
-8
34
61
91
BRAK
-8
16
BRAK
BRAK
BRAK
BRAK
BRAK
-86
BRAK
BRAK
BRAK
-8
