BRAK
BRAK
BRAK
79
-50
-17
BRAK
BRAK
-17
BRAK
79
BRAK
BRAK
BRAK
79
79
28
-50
BRAK
BRAK
BRAK
BRAK
12
BRAK
74
BRAK
-50
-50
BRAK
-39
12
BRAK
12
6
BRAK
28
BRAK
-43
-50
-17
6
BRAK
BRAK
BRAK
BRAK
-39
41
-50
-17
-17
BRAK
28
BRAK
41
-43
76
-96
BRAK
-94
79
-39
-31
-96
41
-29
BRAK
-46
BRAK
90
BRAK
