BRAK
BRAK
BRAK
BRAK
BRAK
BRAK
BRAK
BRAK
BRAK
BRAK
BRAK
-54
-3
21
BRAK
-3
BRAK
-76
21
94
BRAK
54
BRAK
BRAK
-76
33
33
BRAK
-54
BRAK
BRAK
-54
BRAK
-36
-83
BRAK
-3
BRAK
51
79
BRAK
79
-36
BRAK
OK
BRAK
BRAK
BRAK
BRAK
51
95
94
94
BRAK
BRAK
BRAK
BRAK
-54
-76
21
51
BRAK
61
BRAK
79
8
BRAK
51
-83
8
51
