BRAK
BRAK
BRAK
91
91
BRAK
BRAK
91
9
OK
-73
91
BRAK
-73
62
OK
62
62
BRAK
BRAK
BRAK
33
-29
33
-73
BRAK
BRAK
-29
-29
33
-29
62
-73
BRAK
-44
90
25
-29
-73
BRAK
-29
BRAK
-80
-73
-29
BRAK
BRAK
BRAK
74
-80
BRAK
25
25
BRAK
25
BRAK
OK
25
-44
BRAK
33
BRAK
62
BRAK
BRAK
-73
-1
BRAK
OK
25
-99
-73
-25
-99
90
-73
