BRAK
BRAK
BRAK
BRAK
12
BRAK
BRAK
BRAK
BRAK
12
BRAK
BRAK
-16
-16
OK
BRAK
10
-100
BRAK
BRAK
BRAK
-34
BRAK
10
12
-100
BRAK
BRAK
BRAK
12
85
10
-34
OK
85
10
BRAK
BRAK
10
BRAK
85
99
12
BRAK
BRAK
-11
12
-100
BRAK
-49
10
85
12
54
BRAK
-94
12
BRAK
54
54
54
90
-38
85
BRAK
BRAK
54
BRAK
BRAK
BRAK
54
-49
-29
BRAK
-100
