BRAK
BRAK
BRAK
BRAK
BRAK
BRAK
BRAK
88
BRAK
BRAK
47
47
-32
47
BRAK
88
88
BRAK
19
BRAK
64
47
BRAK
-48
-74
BRAK
BRAK
BRAK
-74
OK
-32
BRAK
-48
47
19
19
BRAK
-86
-32
19
BRAK
BRAK
BRAK
BRAK
BRAK
BRAK
-58
BRAK
BRAK
-86
47
-48
BRAK
BRAK
-48
-86
88
BRAK
BRAK
64
BRAK
3
BRAK
BRAK
3
BRAK
35
-86
-58
BRAK
BRAK
BRAK
19
