-27
BRAK
-27
BRAK
BRAK
BRAK
BRAK
BRAK
47
BRAK
BRAK
BRAK
-27
BRAK
-27
-27
BRAK
BRAK
BRAK
-27
56
BRAK
36
47
-27
56
36
BRAK
BRAK
BRAK
BRAK
-27
47
56
BRAK
-40
BRAK
-92
BRAK
-92
26
-40
-40
BRAK
OK
BRAK
56
36
OK
BRAK
-2
-92
47
-92
26
BRAK
-27
36
26
62
BRAK
-40
BRAK
BRAK
BRAK
-47
62
-92
-92
BRAK
-47
-2
BRAK
BRAK
-2
62
BRAK
-92
-27
-37
BRAK
BRAK
62
BRAK
-27
