BRAK
BRAK
BRAK
BRAK
BRAK
BRAK
BRAK
BRAK
BRAK
-97
BRAK
BRAK
BRAK
BRAK
-97
2
BRAK
BRAK
BRAK
53
2
BRAK
BRAK
-42
BRAK
BRAK
-13
53
BRAK
-42
-14
BRAK
-14
BRAK
-42
66
BRAK
2
-64
43
BRAK
-97
2
OK
43
-42
-64
62
-64
53
2
25
BRAK
BRAK
BRAK
BRAK
BRAK
-25
-13
BRAK
-64
95
BRAK
BRAK
-92
-14
2
BRAK
OK
BRAK
95
-14
OK
BRAK
BRAK
