BRAK
BRAK
BRAK
BRAK
5
5
5
BRAK
BRAK
-563
930
5
-563
BRAK
BRAK
5
BRAK
BRAK
BRAK
BRAK
-845
BRAK
-622
BRAK
267
689
BRAK
BRAK
BRAK
5
930
BRAK
267
-563
-563
-563
689
5
BRAK
267
BRAK
689
5
-563
990
BRAK
689
BRAK
BRAK
807
267
BRAK
BRAK
BRAK
865
930
238
-121
689
-981
267
37
BRAK
BRAK
-563
689
267
BRAK
BRAK
-939
-121
-456
37
930
BRAK
37
BRAK
-121
883
267
689
-456
-121
775
-323
-323
267
BRAK
BRAK
BRAK
BRAK
BRAK
-616
238
BRAK
-808
37
267
BRAK
BRAK
-456
-622
689
807
267
37
-939
883
BRAK
BRAK
682
499
BRAK
BRAK
865
BRAK
-981
BRAK
-563
BRAK
-456
BRAK
-121
133
-775
-121
BRAK
BRAK
133
775
BRAK
BRAK
-622
-939
267
-345
BRAK
BRAK
BRAK
990
BRAK
133
BRAK
-456
BRAK
682
BRAK
BRAK
BRAK
BRAK
37
-456
-939
807
BRAK
689
-323
-177
37
-808
426
BRAK
499
267
426
-177
2
BRAK
-323
990
133
267
-939
775
-456
-939
BRAK
426
BRAK
BRAK
-456
267
BRAK
BRAK
227
426
BRAK
BRAK
267
-163
-573
-845
971
83
267
-573
-260
-939
-397
582
775
-179
-456
267
499
BRAK
-121
-622
-260
BRAK
807
227
548
-345
807
BRAK
-121
-845
548
865
-260
267
37
-642
807
689
990
BRAK
-397
-282
-622
267
-456
610
238
-7
83
559
BRAK
-939
BRAK
-939
-472
BRAK
159
426
BRAK
BRAK
BRAK
-163
BRAK
-338
826
BRAK
-622
BRAK
BRAK
BRAK
559
-573
BRAK
499
37
BRAK
-186
-563
-1000
689
83
-177
BRAK
OK
BRAK
-622
267
930
BRAK
BRAK
BRAK
-845
BRAK
BRAK
BRAK
83
BRAK
865
BRAK
BRAK
BRAK
971
908
159
54
BRAK
BRAK
775
BRAK
775
-642
BRAK
-121
775
BRAK
BRAK
BRAK
559
-808
610
-334
267
304
BRAK
-282
BRAK
548
-456
-898
558
BRAK
BRAK
-104
-642
OK
BRAK
BRAK
BRAK
BRAK
426
-629
610
BRAK
BRAK
-898
-794
BRAK
-397
832
BRAK
697
-842
BRAK
499
-642
BRAK
-642
BRAK
-741
721
BRAK
610
990
304
-268
426
-397
-509
-323
BRAK
304
412
775
-186
-186
-27
BRAK
610
-573
-268
-268
147
669
BRAK
-775
-599
BRAK
BRAK
BRAK
BRAK
-397
BRAK
171
133
21
721
-323
BRAK
697
703
BRAK
628
BRAK
BRAK
37
BRAK
BRAK
-622
-712
BRAK
128
230
147
BRAK
BRAK
BRAK
-27
BRAK
-586
-509
BRAK
BRAK
BRAK
BRAK
426
-57
-100
OK
BRAK
2
BRAK
832
733
5
BRAK
491
171
92
BRAK
548
BRAK
-654
BRAK
54
BRAK
567
BRAK
-328
BRAK
426
457
-323
384
5
-199
931
-456
733
-121
491
156
171
BRAK
-348
304
-177
-755
BRAK
751
883
-808
-27
BRAK
BRAK
BRAK
64
OK
-199
BRAK
582
BRAK
OK
BRAK
BRAK
2
-959
-890
865
522
-741
BRAK
-509
-436
-199
-599
BRAK
252
21
BRAK
-713
21
-323
304
BRAK
-775
697
499
-794
-199
BRAK
OK
BRAK
BRAK
BRAK
-873
384
BRAK
BRAK
-345
-689
BRAK
-199
693
-622
171
BRAK
238
BRAK
BRAK
971
BRAK
BRAK
BRAK
-825
-509
BRAK
BRAK
-627
BRAK
-490
BRAK
-831
-383
OK
BRAK
-713
BRAK
-362
814
117
BRAK
-939
BRAK
628
BRAK
BRAK
-57
-187
BRAK
-436
BRAK
BRAK
426
-873
BRAK
-100
BRAK
883
-27
361
-465
OK
-474
BRAK
OK
BRAK
-831
-918
-490
BRAK
BRAK
BRAK
610
610
252
-376
522
83
-267
BRAK
-904
BRAK
-622
-642
BRAK
BRAK
BRAK
BRAK
361
BRAK
538
-104
-57
-981
932
-57
-611
-904
BRAK
BRAK
713
491
OK
BRAK
BRAK
BRAK
64
610
BRAK
751
BRAK
629
OK
883
-855
BRAK
BRAK
-376
943
-611
BRAK
629
-282
304
499
BRAK
-424
37
83
BRAK
-599
-152
-939
BRAK
BRAK
BRAK
-755
933
171
BRAK
BRAK
BRAK
-104
272
BRAK
-380
95
385
BRAK
BRAK
967
-808
252
117
-630
887
-599
-334
BRAK
713
BRAK
BRAK
BRAK
BRAK
713
-199
BRAK
BRAK
200
826
BRAK
BRAK
479
-456
OK
BRAK
-639
-57
BRAK
-30
-155
304
-57
943
OK
BRAK
-928
361
908
682
573
-808
BRAK
304
-787
OK
BRAK
OK
BRAK
BRAK
BRAK
BRAK
669
-599
384
BRAK
BRAK
BRAK
-967
814
457
171
117
-842
814
-30
-629
BRAK
-555
OK
-163
BRAK
-981
OK
BRAK
BRAK
83
-252
BRAK
200
BRAK
-309
BRAK
BRAK
922
-775
908
-345
807
653
892
OK
171
826
OK
-394
OK
156
-855
OK
BRAK
-509
BRAK
-394
-100
582
BRAK
887
-284
-555
147
83
BRAK
BRAK
-939
