BRAK
414
414
BRAK
BRAK
BRAK
BRAK
1000
BRAK
BRAK
8
BRAK
BRAK
414
BRAK
BRAK
-359
BRAK
BRAK
311
8
311
BRAK
-359
-359
8
BRAK
8
BRAK
BRAK
BRAK
-264
BRAK
BRAK
-359
414
BRAK
BRAK
-440
-264
-440
-146
414
-146
311
414
-640
-640
BRAK
764
8
BRAK
560
414
-440
-440
170
-640
998
BRAK
-359
-640
-264
560
BRAK
764
BRAK
-640
BRAK
BRAK
-44
BRAK
-440
BRAK
-146
311
551
170
BRAK
504
BRAK
OK
BRAK
BRAK
BRAK
BRAK
-343
BRAK
-146
-767
-264
560
BRAK
-264
-790
-359
-790
376
-790
311
BRAK
-790
376
951
BRAK
764
110
-958
BRAK
BRAK
BRAK
-640
399
951
BRAK
836
-440
758
758
BRAK
311
-64
BRAK
376
BRAK
110
-640
415
551
BRAK
BRAK
BRAK
504
BRAK
504
-790
311
758
-575
-44
764
-790
BRAK
883
-640
-440
-575
BRAK
551
-359
13
BRAK
883
BRAK
BRAK
BRAK
BRAK
BRAK
758
BRAK
951
BRAK
BRAK
BRAK
BRAK
836
311
-740
951
594
87
BRAK
-767
376
551
758
-264
BRAK
-575
-958
BRAK
-359
-83
311
BRAK
-440
883
-212
-440
BRAK
836
836
764
BRAK
-264
-958
-83
-708
-640
764
-264
560
-212
504
718
-212
BRAK
439
87
399
-316
-708
-212
951
311
BRAK
110
883
414
428
-790
BRAK
836
-340
BRAK
BRAK
-640
-343
BRAK
-316
BRAK
BRAK
-212
-340
BRAK
BRAK
764
BRAK
BRAK
BRAK
376
-198
BRAK
-359
BRAK
-837
BRAK
-64
-359
-958
764
110
110
890
504
BRAK
BRAK
-146
-359
-440
826
-518
-440
-958
BRAK
836
-708
BRAK
-127
-259
-798
234
311
BRAK
998
-75
504
311
687
805
594
415
890
622
-919
234
-636
-518
764
BRAK
110
BRAK
BRAK
-102
87
-212
BRAK
615
BRAK
BRAK
863
-919
353
-75
-146
-2
OK
-109
BRAK
-790
BRAK
29
BRAK
BRAK
-172
BRAK
-440
596
-284
BRAK
289
551
BRAK
BRAK
-536
BRAK
535
-198
BRAK
883
BRAK
504
504
1000
BRAK
-575
551
BRAK
-548
-612
622
-511
863
BRAK
BRAK
493
-359
-284
-440
BRAK
BRAK
-161
353
BRAK
-871
890
BRAK
45
-837
560
535
-44
BRAK
-259
-316
445
-259
BRAK
289
-575
-370
-666
BRAK
BRAK
587
-102
BRAK
BRAK
-44
BRAK
863
-871
BRAK
BRAK
-119
BRAK
BRAK
-359
BRAK
-75
87
BRAK
87
-871
BRAK
BRAK
BRAK
-511
BRAK
BRAK
110
-871
BRAK
353
BRAK
-636
BRAK
493
BRAK
399
-161
BRAK
13
-612
750
BRAK
-745
-575
BRAK
890
596
132
BRAK
-284
BRAK
669
BRAK
BRAK
-798
-685
BRAK
BRAK
-259
234
809
BRAK
-708
BRAK
BRAK
BRAK
353
13
-958
BRAK
BRAK
BRAK
234
582
OK
883
974
-175
-13
BRAK
-212
234
951
BRAK
-989
-871
-562
-666
-13
234
BRAK
-640
BRAK
-518
BRAK
-919
-175
-316
38
-871
-837
BRAK
-284
-666
974
BRAK
687
BRAK
445
289
-955
BRAK
BRAK
234
289
BRAK
-475
BRAK
669
BRAK
809
BRAK
268
-536
BRAK
-814
-511
-919
319
-837
415
-143
-919
BRAK
535
BRAK
-548
-343
-575
890
-825
687
BRAK
809
132
BRAK
234
37
-127
OK
809
687
622
-708
-284
399
BRAK
-339
-370
BRAK
-284
900
OK
BRAK
OK
-161
900
-154
191
BRAK
-119
336
BRAK
BRAK
102
530
110
110
493
29
BRAK
BRAK
BRAK
BRAK
BRAK
915
-666
BRAK
BRAK
546
191
-708
BRAK
903
362
-302
BRAK
BRAK
268
883
-548
BRAK
-259
855
-89
BRAK
OK
BRAK
-420
-666
863
493
BRAK
943
234
-464
BRAK
924
-965
-5
45
-102
-44
-109
-751
951
BRAK
-511
BRAK
-804
445
551
-370
BRAK
BRAK
535
BRAK
BRAK
-264
8
924
864
836
66
-955
476
-998
BRAK
-298
336
311
BRAK
-370
-989
-370
-919
-751
BRAK
BRAK
BRAK
-526
BRAK
-919
OK
-871
-330
-102
-89
BRAK
BRAK
-111
132
669
-798
687
BRAK
29
-929
-511
BRAK
943
87
102
BRAK
BRAK
-751
546
-75
BRAK
234
BRAK
-212
903
-935
655
655
170
BRAK
-264
420
-230
622
-75
BRAK
BRAK
609
-119
-871
OK
191
517
781
-279
-559
319
-640
BRAK
399
-420
-198
560
-26
-767
191
BRAK
BRAK
BRAK
855
-666
974
OK
766
BRAK
BRAK
-198
129
336
-259
OK
102
BRAK
809
-899
-464
-420
-666
-259
BRAK
-314
951
BRAK
-825
399
66
-636
BRAK
551
-212
-871
-723
-475
BRAK
-723
781
110
BRAK
669
BRAK
289
170
OK
420
-591
BRAK
BRAK
924
87
998
-420
170
-723
551
-62
